2026-05-09T16:51:53+00:00 INFO CART INITIATED CONTEXT: {"context":"loaded_from_session","customer_id":"1"}
2026-05-09T16:52:48+00:00 NOTICE ABANDONED CART DETECTED CONTEXT: {"order_id":19,"wc_status":"checkout-draft","inactive_secs":68177}
2026-05-09T16:52:48+00:00 NOTICE ABANDONED CART DETECTED CONTEXT: {"order_id":17,"wc_status":"checkout-draft","inactive_secs":70323}
2026-05-09T16:52:49+00:00 INFO CHECKOUT STARTED CONTEXT: {"session_id":"74cf1a43-0be1-4d96-9432-f6f2f9dda85f"}
2026-05-09T16:52:49+00:00 INFO CHECKOUT UPDATED CONTEXT: {"session_id":"74cf1a43-0be1-4d96-9432-f6f2f9dda85f","draft_order_id":22}
2026-05-09T16:52:49+00:00 INFO DRAFT ORDER UPDATED CONTEXT: {"order_id":22,"session_id":"74cf1a43-0be1-4d96-9432-f6f2f9dda85f"}
2026-05-09T16:52:51+00:00 INFO CHECKOUT UPDATED CONTEXT: {"session_id":"74cf1a43-0be1-4d96-9432-f6f2f9dda85f","draft_order_id":22}
2026-05-09T16:52:51+00:00 INFO DRAFT ORDER UPDATED CONTEXT: {"order_id":22,"session_id":"74cf1a43-0be1-4d96-9432-f6f2f9dda85f"}
2026-05-09T16:52:59+00:00 INFO CHECKOUT UPDATED CONTEXT: {"session_id":"74cf1a43-0be1-4d96-9432-f6f2f9dda85f","draft_order_id":22}
2026-05-09T16:52:59+00:00 INFO DRAFT ORDER UPDATED CONTEXT: {"order_id":22,"session_id":"74cf1a43-0be1-4d96-9432-f6f2f9dda85f"}
2026-05-09T16:53:01+00:00 INFO CHECKOUT UPDATED CONTEXT: {"session_id":"74cf1a43-0be1-4d96-9432-f6f2f9dda85f","draft_order_id":22}
2026-05-09T16:53:01+00:00 INFO DRAFT ORDER UPDATED CONTEXT: {"order_id":22,"session_id":"74cf1a43-0be1-4d96-9432-f6f2f9dda85f"}
2026-05-09T16:53:02+00:00 INFO CHECKOUT UPDATED CONTEXT: {"session_id":"74cf1a43-0be1-4d96-9432-f6f2f9dda85f","draft_order_id":22}
2026-05-09T16:53:02+00:00 INFO DRAFT ORDER UPDATED CONTEXT: {"order_id":22,"session_id":"74cf1a43-0be1-4d96-9432-f6f2f9dda85f"}
2026-05-09T16:53:07+00:00 INFO CHECKOUT UPDATED CONTEXT: {"session_id":"74cf1a43-0be1-4d96-9432-f6f2f9dda85f","draft_order_id":22}
2026-05-09T16:53:07+00:00 INFO DRAFT ORDER UPDATED CONTEXT: {"order_id":22,"session_id":"74cf1a43-0be1-4d96-9432-f6f2f9dda85f"}
2026-05-09T16:53:13+00:00 INFO CHECKOUT UPDATED CONTEXT: {"session_id":"74cf1a43-0be1-4d96-9432-f6f2f9dda85f","draft_order_id":22}
2026-05-09T16:53:13+00:00 INFO DRAFT ORDER UPDATED CONTEXT: {"order_id":22,"session_id":"74cf1a43-0be1-4d96-9432-f6f2f9dda85f"}
2026-05-09T16:53:14+00:00 INFO CHECKOUT UPDATED CONTEXT: {"session_id":"74cf1a43-0be1-4d96-9432-f6f2f9dda85f","draft_order_id":22}
2026-05-09T16:53:14+00:00 INFO DRAFT ORDER UPDATED CONTEXT: {"order_id":22,"session_id":"74cf1a43-0be1-4d96-9432-f6f2f9dda85f"}
2026-05-09T16:53:47+00:00 INFO DRAFT ORDER UPDATED CONTEXT: {"order_id":22,"session_id":"74cf1a43-0be1-4d96-9432-f6f2f9dda85f"}
2026-05-09T16:54:17+00:00 INFO CHECKOUT UPDATED CONTEXT: {"session_id":"74cf1a43-0be1-4d96-9432-f6f2f9dda85f","draft_order_id":22}
2026-05-09T16:54:17+00:00 INFO DRAFT ORDER UPDATED CONTEXT: {"order_id":22,"session_id":"74cf1a43-0be1-4d96-9432-f6f2f9dda85f"}
2026-05-09T16:54:18+00:00 INFO CHECKOUT UPDATED CONTEXT: {"session_id":"74cf1a43-0be1-4d96-9432-f6f2f9dda85f","draft_order_id":22}
2026-05-09T16:54:18+00:00 INFO DRAFT ORDER UPDATED CONTEXT: {"order_id":22,"session_id":"74cf1a43-0be1-4d96-9432-f6f2f9dda85f"}
2026-05-09T16:54:27+00:00 INFO CHECKOUT UPDATED CONTEXT: {"session_id":"74cf1a43-0be1-4d96-9432-f6f2f9dda85f","draft_order_id":22}
2026-05-09T16:54:27+00:00 INFO DRAFT ORDER UPDATED CONTEXT: {"order_id":22,"session_id":"74cf1a43-0be1-4d96-9432-f6f2f9dda85f"}
2026-05-09T16:54:28+00:00 INFO CHECKOUT UPDATED CONTEXT: {"session_id":"74cf1a43-0be1-4d96-9432-f6f2f9dda85f","draft_order_id":22}
2026-05-09T16:54:28+00:00 INFO DRAFT ORDER UPDATED CONTEXT: {"order_id":22,"session_id":"74cf1a43-0be1-4d96-9432-f6f2f9dda85f"}
2026-05-09T16:56:28+00:00 INFO CHECKOUT UPDATED CONTEXT: {"session_id":"74cf1a43-0be1-4d96-9432-f6f2f9dda85f","draft_order_id":22}
2026-05-09T16:56:28+00:00 INFO DRAFT ORDER UPDATED CONTEXT: {"order_id":22,"session_id":"74cf1a43-0be1-4d96-9432-f6f2f9dda85f"}
2026-05-09T16:58:28+00:00 INFO CHECKOUT UPDATED CONTEXT: {"session_id":"74cf1a43-0be1-4d96-9432-f6f2f9dda85f","draft_order_id":22}
2026-05-09T16:58:28+00:00 INFO DRAFT ORDER UPDATED CONTEXT: {"order_id":22,"session_id":"74cf1a43-0be1-4d96-9432-f6f2f9dda85f"}
2026-05-09T16:59:01+00:00 INFO CART INITIATED CONTEXT: {"customer_id":"t_e41214df1e575fdd266a228f7cbad6"}
2026-05-09T16:59:10+00:00 INFO CHECKOUT STARTED CONTEXT: {"session_id":"c178ca4c-5fbf-4ec2-ae69-0167c22c1828"}
2026-05-09T16:59:10+00:00 INFO CHECKOUT UPDATED CONTEXT: {"session_id":"c178ca4c-5fbf-4ec2-ae69-0167c22c1828","draft_order_id":23}
2026-05-09T16:59:10+00:00 INFO DRAFT ORDER UPDATED CONTEXT: {"order_id":23,"session_id":"c178ca4c-5fbf-4ec2-ae69-0167c22c1828"}
2026-05-09T16:59:12+00:00 INFO CHECKOUT UPDATED CONTEXT: {"session_id":"c178ca4c-5fbf-4ec2-ae69-0167c22c1828","draft_order_id":23}
2026-05-09T16:59:12+00:00 INFO DRAFT ORDER UPDATED CONTEXT: {"order_id":23,"session_id":"c178ca4c-5fbf-4ec2-ae69-0167c22c1828"}
2026-05-09T16:59:16+00:00 INFO CHECKOUT UPDATED CONTEXT: {"session_id":"c178ca4c-5fbf-4ec2-ae69-0167c22c1828","draft_order_id":23}
2026-05-09T16:59:16+00:00 INFO DRAFT ORDER UPDATED CONTEXT: {"order_id":23,"session_id":"c178ca4c-5fbf-4ec2-ae69-0167c22c1828"}
2026-05-09T16:59:22+00:00 INFO CHECKOUT UPDATED CONTEXT: {"session_id":"c178ca4c-5fbf-4ec2-ae69-0167c22c1828","draft_order_id":23}
2026-05-09T16:59:22+00:00 INFO DRAFT ORDER UPDATED CONTEXT: {"order_id":23,"session_id":"c178ca4c-5fbf-4ec2-ae69-0167c22c1828"}
2026-05-09T16:59:25+00:00 INFO CHECKOUT UPDATED CONTEXT: {"session_id":"c178ca4c-5fbf-4ec2-ae69-0167c22c1828","draft_order_id":23}
2026-05-09T16:59:25+00:00 INFO DRAFT ORDER UPDATED CONTEXT: {"order_id":23,"session_id":"c178ca4c-5fbf-4ec2-ae69-0167c22c1828"}
2026-05-09T16:59:27+00:00 INFO CHECKOUT UPDATED CONTEXT: {"session_id":"c178ca4c-5fbf-4ec2-ae69-0167c22c1828","draft_order_id":23}
2026-05-09T16:59:27+00:00 INFO DRAFT ORDER UPDATED CONTEXT: {"order_id":23,"session_id":"c178ca4c-5fbf-4ec2-ae69-0167c22c1828"}
2026-05-09T16:59:29+00:00 INFO CHECKOUT UPDATED CONTEXT: {"session_id":"c178ca4c-5fbf-4ec2-ae69-0167c22c1828","draft_order_id":23}
2026-05-09T16:59:29+00:00 INFO DRAFT ORDER UPDATED CONTEXT: {"order_id":23,"session_id":"c178ca4c-5fbf-4ec2-ae69-0167c22c1828"}
2026-05-09T17:00:28+00:00 INFO CHECKOUT UPDATED CONTEXT: {"session_id":"74cf1a43-0be1-4d96-9432-f6f2f9dda85f","draft_order_id":22}
2026-05-09T17:00:28+00:00 INFO DRAFT ORDER UPDATED CONTEXT: {"order_id":22,"session_id":"74cf1a43-0be1-4d96-9432-f6f2f9dda85f"}
2026-05-09T17:00:38+00:00 INFO CHECKOUT UPDATED CONTEXT: {"session_id":"c178ca4c-5fbf-4ec2-ae69-0167c22c1828","draft_order_id":23}
2026-05-09T17:00:38+00:00 INFO DRAFT ORDER UPDATED CONTEXT: {"order_id":23,"session_id":"c178ca4c-5fbf-4ec2-ae69-0167c22c1828"}
2026-05-09T17:00:41+00:00 INFO CHECKOUT UPDATED CONTEXT: {"session_id":"c178ca4c-5fbf-4ec2-ae69-0167c22c1828","draft_order_id":23}
2026-05-09T17:00:41+00:00 INFO DRAFT ORDER UPDATED CONTEXT: {"order_id":23,"session_id":"c178ca4c-5fbf-4ec2-ae69-0167c22c1828"}
2026-05-09T17:00:45+00:00 INFO CHECKOUT UPDATED CONTEXT: {"session_id":"c178ca4c-5fbf-4ec2-ae69-0167c22c1828","draft_order_id":23}
2026-05-09T17:00:45+00:00 INFO DRAFT ORDER UPDATED CONTEXT: {"order_id":23,"session_id":"c178ca4c-5fbf-4ec2-ae69-0167c22c1828"}
2026-05-09T17:00:45+00:00 INFO CHECKOUT UPDATED CONTEXT: {"context":"store_api_customer","order_id":23,"wc_status":"checkout-draft"}
2026-05-09T17:00:45+00:00 INFO DRAFT ORDER UPDATED CONTEXT: {"order_id":23,"wc_status":"wc-checkout-draft"}
2026-05-09T17:00:46+00:00 INFO CHECKOUT UPDATED CONTEXT: {"context":"store_api_order_processed","order_id":23,"new_status":"pending"}
2026-05-09T17:00:46+00:00 INFO ORDER COMPLETED CONTEXT: {"order_id":23,"status":"processing","conversion":"paid_or_fulfilled"}
2026-05-09T17:00:49+00:00 INFO DRAFT ORDER UPDATED CONTEXT: {"order_id":23,"session_id":"c178ca4c-5fbf-4ec2-ae69-0167c22c1828"}
2026-05-09T17:02:28+00:00 INFO CHECKOUT UPDATED CONTEXT: {"session_id":"74cf1a43-0be1-4d96-9432-f6f2f9dda85f","draft_order_id":22}
2026-05-09T17:02:28+00:00 INFO DRAFT ORDER UPDATED CONTEXT: {"order_id":22,"session_id":"74cf1a43-0be1-4d96-9432-f6f2f9dda85f"}
2026-05-09T17:02:48+00:00 INFO DRAFT ORDER UPDATED CONTEXT: {"order_id":23,"session_id":"c178ca4c-5fbf-4ec2-ae69-0167c22c1828"}
2026-05-09T17:04:28+00:00 INFO CHECKOUT UPDATED CONTEXT: {"session_id":"74cf1a43-0be1-4d96-9432-f6f2f9dda85f","draft_order_id":22}
2026-05-09T17:04:28+00:00 INFO DRAFT ORDER UPDATED CONTEXT: {"order_id":22,"session_id":"74cf1a43-0be1-4d96-9432-f6f2f9dda85f"}
2026-05-09T17:04:48+00:00 INFO DRAFT ORDER UPDATED CONTEXT: {"order_id":23,"session_id":"c178ca4c-5fbf-4ec2-ae69-0167c22c1828"}
2026-05-09T17:06:48+00:00 INFO DRAFT ORDER UPDATED CONTEXT: {"order_id":23,"session_id":"c178ca4c-5fbf-4ec2-ae69-0167c22c1828"}
2026-05-09T17:07:08+00:00 INFO CHECKOUT UPDATED CONTEXT: {"session_id":"74cf1a43-0be1-4d96-9432-f6f2f9dda85f","draft_order_id":22}
2026-05-09T17:07:08+00:00 INFO DRAFT ORDER UPDATED CONTEXT: {"order_id":22,"session_id":"74cf1a43-0be1-4d96-9432-f6f2f9dda85f"}
2026-05-09T17:08:48+00:00 INFO DRAFT ORDER UPDATED CONTEXT: {"order_id":23,"session_id":"c178ca4c-5fbf-4ec2-ae69-0167c22c1828"}
2026-05-09T17:10:08+00:00 INFO CHECKOUT UPDATED CONTEXT: {"session_id":"74cf1a43-0be1-4d96-9432-f6f2f9dda85f","draft_order_id":22}
2026-05-09T17:10:08+00:00 INFO DRAFT ORDER UPDATED CONTEXT: {"order_id":22,"session_id":"74cf1a43-0be1-4d96-9432-f6f2f9dda85f"}
2026-05-09T17:10:48+00:00 INFO DRAFT ORDER UPDATED CONTEXT: {"order_id":23,"session_id":"c178ca4c-5fbf-4ec2-ae69-0167c22c1828"}
2026-05-09T17:12:08+00:00 INFO CHECKOUT UPDATED CONTEXT: {"session_id":"74cf1a43-0be1-4d96-9432-f6f2f9dda85f","draft_order_id":22}
2026-05-09T17:12:08+00:00 INFO DRAFT ORDER UPDATED CONTEXT: {"order_id":22,"session_id":"74cf1a43-0be1-4d96-9432-f6f2f9dda85f"}
2026-05-09T17:12:48+00:00 INFO DRAFT ORDER UPDATED CONTEXT: {"order_id":23,"session_id":"c178ca4c-5fbf-4ec2-ae69-0167c22c1828"}
2026-05-09T17:14:08+00:00 INFO CHECKOUT UPDATED CONTEXT: {"session_id":"74cf1a43-0be1-4d96-9432-f6f2f9dda85f","draft_order_id":22}
2026-05-09T17:14:08+00:00 INFO DRAFT ORDER UPDATED CONTEXT: {"order_id":22,"session_id":"74cf1a43-0be1-4d96-9432-f6f2f9dda85f"}
2026-05-09T17:14:48+00:00 INFO DRAFT ORDER UPDATED CONTEXT: {"order_id":23,"session_id":"c178ca4c-5fbf-4ec2-ae69-0167c22c1828"}
2026-05-09T17:16:08+00:00 INFO CHECKOUT UPDATED CONTEXT: {"session_id":"74cf1a43-0be1-4d96-9432-f6f2f9dda85f","draft_order_id":22}
2026-05-09T17:16:08+00:00 INFO DRAFT ORDER UPDATED CONTEXT: {"order_id":22,"session_id":"74cf1a43-0be1-4d96-9432-f6f2f9dda85f"}
2026-05-09T17:16:48+00:00 INFO DRAFT ORDER UPDATED CONTEXT: {"order_id":23,"session_id":"c178ca4c-5fbf-4ec2-ae69-0167c22c1828"}
2026-05-09T17:18:08+00:00 INFO CHECKOUT UPDATED CONTEXT: {"session_id":"74cf1a43-0be1-4d96-9432-f6f2f9dda85f","draft_order_id":22}
2026-05-09T17:18:08+00:00 INFO DRAFT ORDER UPDATED CONTEXT: {"order_id":22,"session_id":"74cf1a43-0be1-4d96-9432-f6f2f9dda85f"}
2026-05-09T17:18:48+00:00 INFO DRAFT ORDER UPDATED CONTEXT: {"order_id":23,"session_id":"c178ca4c-5fbf-4ec2-ae69-0167c22c1828"}
2026-05-09T17:20:08+00:00 INFO CHECKOUT UPDATED CONTEXT: {"session_id":"74cf1a43-0be1-4d96-9432-f6f2f9dda85f","draft_order_id":22}
2026-05-09T17:20:08+00:00 INFO DRAFT ORDER UPDATED CONTEXT: {"order_id":22,"session_id":"74cf1a43-0be1-4d96-9432-f6f2f9dda85f"}
2026-05-09T17:20:48+00:00 INFO DRAFT ORDER UPDATED CONTEXT: {"order_id":23,"session_id":"c178ca4c-5fbf-4ec2-ae69-0167c22c1828"}
2026-05-09T17:21:47+00:00 INFO CHECKOUT UPDATED CONTEXT: {"session_id":"74cf1a43-0be1-4d96-9432-f6f2f9dda85f","draft_order_id":22,"email":"foo@bar.commmmm"}
2026-05-09T17:21:47+00:00 INFO DRAFT ORDER UPDATED CONTEXT: {"order_id":22,"session_id":"74cf1a43-0be1-4d96-9432-f6f2f9dda85f","email":"foo@bar.commmmm"}
2026-05-09T17:22:13+00:00 INFO CHECKOUT UPDATED CONTEXT: {"session_id":"74cf1a43-0be1-4d96-9432-f6f2f9dda85f","draft_order_id":22,"email":"foo@mail.com"}
2026-05-09T17:22:13+00:00 INFO DRAFT ORDER UPDATED CONTEXT: {"order_id":22,"session_id":"74cf1a43-0be1-4d96-9432-f6f2f9dda85f","email":"foo@mail.com"}
2026-05-09T17:22:15+00:00 INFO CHECKOUT UPDATED CONTEXT: {"session_id":"74cf1a43-0be1-4d96-9432-f6f2f9dda85f","draft_order_id":22,"email":"foo@mail.com"}
2026-05-09T17:22:15+00:00 INFO DRAFT ORDER UPDATED CONTEXT: {"order_id":22,"session_id":"74cf1a43-0be1-4d96-9432-f6f2f9dda85f","email":"foo@mail.com"}
2026-05-09T17:22:17+00:00 INFO CHECKOUT UPDATED CONTEXT: {"session_id":"74cf1a43-0be1-4d96-9432-f6f2f9dda85f","draft_order_id":22,"email":"foo@mail.com"}
2026-05-09T17:22:17+00:00 INFO DRAFT ORDER UPDATED CONTEXT: {"order_id":22,"session_id":"74cf1a43-0be1-4d96-9432-f6f2f9dda85f","email":"foo@mail.com"}
2026-05-09T17:22:27+00:00 INFO CHECKOUT UPDATED CONTEXT: {"session_id":"74cf1a43-0be1-4d96-9432-f6f2f9dda85f","draft_order_id":22,"email":"foo@mail.com"}
2026-05-09T17:22:27+00:00 INFO DRAFT ORDER UPDATED CONTEXT: {"order_id":22,"session_id":"74cf1a43-0be1-4d96-9432-f6f2f9dda85f","email":"foo@mail.com"}
2026-05-09T17:22:48+00:00 INFO DRAFT ORDER UPDATED CONTEXT: {"order_id":23,"session_id":"c178ca4c-5fbf-4ec2-ae69-0167c22c1828","email":"somenumber@gmail.com"}
2026-05-09T17:24:48+00:00 INFO DRAFT ORDER UPDATED CONTEXT: {"order_id":23,"session_id":"c178ca4c-5fbf-4ec2-ae69-0167c22c1828","email":"somenumber@gmail.com"}
2026-05-09T17:26:08+00:00 INFO CHECKOUT UPDATED CONTEXT: {"session_id":"74cf1a43-0be1-4d96-9432-f6f2f9dda85f","draft_order_id":22,"email":"foo@mail.com"}
2026-05-09T17:26:08+00:00 INFO DRAFT ORDER UPDATED CONTEXT: {"order_id":22,"session_id":"74cf1a43-0be1-4d96-9432-f6f2f9dda85f","email":"foo@mail.com"}
2026-05-09T17:26:48+00:00 INFO DRAFT ORDER UPDATED CONTEXT: {"order_id":23,"session_id":"c178ca4c-5fbf-4ec2-ae69-0167c22c1828","email":"somenumber@gmail.com"}
2026-05-09T17:28:08+00:00 INFO CHECKOUT UPDATED CONTEXT: {"session_id":"74cf1a43-0be1-4d96-9432-f6f2f9dda85f","draft_order_id":22,"email":"foo@mail.com"}
2026-05-09T17:28:08+00:00 INFO DRAFT ORDER UPDATED CONTEXT: {"order_id":22,"session_id":"74cf1a43-0be1-4d96-9432-f6f2f9dda85f","email":"foo@mail.com"}
2026-05-09T17:28:48+00:00 INFO DRAFT ORDER UPDATED CONTEXT: {"order_id":23,"session_id":"c178ca4c-5fbf-4ec2-ae69-0167c22c1828","email":"somenumber@gmail.com"}
2026-05-09T17:30:08+00:00 INFO CHECKOUT UPDATED CONTEXT: {"session_id":"74cf1a43-0be1-4d96-9432-f6f2f9dda85f","draft_order_id":22,"email":"foo@mail.com"}
2026-05-09T17:30:08+00:00 INFO DRAFT ORDER UPDATED CONTEXT: {"order_id":22,"session_id":"74cf1a43-0be1-4d96-9432-f6f2f9dda85f","email":"foo@mail.com"}
2026-05-09T17:30:48+00:00 INFO DRAFT ORDER UPDATED CONTEXT: {"order_id":23,"session_id":"c178ca4c-5fbf-4ec2-ae69-0167c22c1828","email":"somenumber@gmail.com"}
2026-05-09T17:32:08+00:00 INFO CHECKOUT UPDATED CONTEXT: {"session_id":"74cf1a43-0be1-4d96-9432-f6f2f9dda85f","draft_order_id":22,"email":"foo@mail.com"}
2026-05-09T17:32:08+00:00 INFO DRAFT ORDER UPDATED CONTEXT: {"order_id":22,"session_id":"74cf1a43-0be1-4d96-9432-f6f2f9dda85f","email":"foo@mail.com"}
2026-05-09T17:32:48+00:00 INFO DRAFT ORDER UPDATED CONTEXT: {"order_id":23,"session_id":"c178ca4c-5fbf-4ec2-ae69-0167c22c1828","email":"somenumber@gmail.com"}
2026-05-09T17:34:08+00:00 INFO CHECKOUT UPDATED CONTEXT: {"session_id":"74cf1a43-0be1-4d96-9432-f6f2f9dda85f","draft_order_id":22,"email":"foo@mail.com"}
2026-05-09T17:34:08+00:00 INFO DRAFT ORDER UPDATED CONTEXT: {"order_id":22,"session_id":"74cf1a43-0be1-4d96-9432-f6f2f9dda85f","email":"foo@mail.com"}
2026-05-09T17:34:48+00:00 INFO DRAFT ORDER UPDATED CONTEXT: {"order_id":23,"session_id":"c178ca4c-5fbf-4ec2-ae69-0167c22c1828","email":"somenumber@gmail.com"}
2026-05-09T17:36:08+00:00 INFO CHECKOUT UPDATED CONTEXT: {"session_id":"74cf1a43-0be1-4d96-9432-f6f2f9dda85f","draft_order_id":22,"email":"foo@mail.com"}
2026-05-09T17:36:08+00:00 INFO DRAFT ORDER UPDATED CONTEXT: {"order_id":22,"session_id":"74cf1a43-0be1-4d96-9432-f6f2f9dda85f","email":"foo@mail.com"}
2026-05-09T17:36:48+00:00 INFO DRAFT ORDER UPDATED CONTEXT: {"order_id":23,"session_id":"c178ca4c-5fbf-4ec2-ae69-0167c22c1828","email":"somenumber@gmail.com"}
2026-05-09T17:38:08+00:00 INFO CHECKOUT UPDATED CONTEXT: {"session_id":"74cf1a43-0be1-4d96-9432-f6f2f9dda85f","draft_order_id":22,"email":"foo@mail.com"}
2026-05-09T17:38:08+00:00 INFO DRAFT ORDER UPDATED CONTEXT: {"order_id":22,"session_id":"74cf1a43-0be1-4d96-9432-f6f2f9dda85f","email":"foo@mail.com"}
2026-05-09T17:38:48+00:00 INFO DRAFT ORDER UPDATED CONTEXT: {"order_id":23,"session_id":"c178ca4c-5fbf-4ec2-ae69-0167c22c1828","email":"somenumber@gmail.com"}
2026-05-09T17:40:08+00:00 INFO CHECKOUT UPDATED CONTEXT: {"session_id":"74cf1a43-0be1-4d96-9432-f6f2f9dda85f","draft_order_id":22,"email":"foo@mail.com"}
2026-05-09T17:40:08+00:00 INFO DRAFT ORDER UPDATED CONTEXT: {"order_id":22,"session_id":"74cf1a43-0be1-4d96-9432-f6f2f9dda85f","email":"foo@mail.com"}
2026-05-09T17:40:48+00:00 INFO DRAFT ORDER UPDATED CONTEXT: {"order_id":23,"session_id":"c178ca4c-5fbf-4ec2-ae69-0167c22c1828","email":"somenumber@gmail.com"}
2026-05-09T17:42:08+00:00 INFO CHECKOUT UPDATED CONTEXT: {"session_id":"74cf1a43-0be1-4d96-9432-f6f2f9dda85f","draft_order_id":22,"email":"foo@mail.com"}
2026-05-09T17:42:08+00:00 INFO DRAFT ORDER UPDATED CONTEXT: {"order_id":22,"session_id":"74cf1a43-0be1-4d96-9432-f6f2f9dda85f","email":"foo@mail.com"}
2026-05-09T17:42:48+00:00 INFO DRAFT ORDER UPDATED CONTEXT: {"order_id":23,"session_id":"c178ca4c-5fbf-4ec2-ae69-0167c22c1828","email":"somenumber@gmail.com"}
2026-05-09T17:44:08+00:00 INFO CHECKOUT UPDATED CONTEXT: {"session_id":"74cf1a43-0be1-4d96-9432-f6f2f9dda85f","draft_order_id":22,"email":"foo@mail.com"}
2026-05-09T17:44:08+00:00 INFO DRAFT ORDER UPDATED CONTEXT: {"order_id":22,"session_id":"74cf1a43-0be1-4d96-9432-f6f2f9dda85f","email":"foo@mail.com"}
2026-05-09T17:44:48+00:00 INFO DRAFT ORDER UPDATED CONTEXT: {"order_id":23,"session_id":"c178ca4c-5fbf-4ec2-ae69-0167c22c1828","email":"somenumber@gmail.com"}
2026-05-09T17:46:08+00:00 INFO CHECKOUT UPDATED CONTEXT: {"session_id":"74cf1a43-0be1-4d96-9432-f6f2f9dda85f","draft_order_id":22,"email":"foo@mail.com"}
2026-05-09T17:46:08+00:00 INFO DRAFT ORDER UPDATED CONTEXT: {"order_id":22,"session_id":"74cf1a43-0be1-4d96-9432-f6f2f9dda85f","email":"foo@mail.com"}
2026-05-09T17:46:48+00:00 INFO DRAFT ORDER UPDATED CONTEXT: {"order_id":23,"session_id":"c178ca4c-5fbf-4ec2-ae69-0167c22c1828","email":"somenumber@gmail.com"}
2026-05-09T17:48:08+00:00 INFO CHECKOUT UPDATED CONTEXT: {"session_id":"74cf1a43-0be1-4d96-9432-f6f2f9dda85f","draft_order_id":22,"email":"foo@mail.com"}
2026-05-09T17:48:08+00:00 INFO DRAFT ORDER UPDATED CONTEXT: {"order_id":22,"session_id":"74cf1a43-0be1-4d96-9432-f6f2f9dda85f","email":"foo@mail.com"}
2026-05-09T17:48:48+00:00 INFO DRAFT ORDER UPDATED CONTEXT: {"order_id":23,"session_id":"c178ca4c-5fbf-4ec2-ae69-0167c22c1828","email":"somenumber@gmail.com"}
2026-05-09T17:50:08+00:00 INFO CHECKOUT UPDATED CONTEXT: {"session_id":"74cf1a43-0be1-4d96-9432-f6f2f9dda85f","draft_order_id":22,"email":"foo@mail.com"}
2026-05-09T17:50:08+00:00 INFO DRAFT ORDER UPDATED CONTEXT: {"order_id":22,"session_id":"74cf1a43-0be1-4d96-9432-f6f2f9dda85f","email":"foo@mail.com"}
2026-05-09T17:50:48+00:00 INFO DRAFT ORDER UPDATED CONTEXT: {"order_id":23,"session_id":"c178ca4c-5fbf-4ec2-ae69-0167c22c1828","email":"somenumber@gmail.com"}
2026-05-09T17:52:08+00:00 INFO CHECKOUT UPDATED CONTEXT: {"session_id":"74cf1a43-0be1-4d96-9432-f6f2f9dda85f","draft_order_id":22,"email":"foo@mail.com"}
2026-05-09T17:52:08+00:00 INFO DRAFT ORDER UPDATED CONTEXT: {"order_id":22,"session_id":"74cf1a43-0be1-4d96-9432-f6f2f9dda85f","email":"foo@mail.com"}
2026-05-09T17:52:48+00:00 INFO DRAFT ORDER UPDATED CONTEXT: {"order_id":23,"session_id":"c178ca4c-5fbf-4ec2-ae69-0167c22c1828","email":"somenumber@gmail.com"}
2026-05-09T17:54:08+00:00 INFO CHECKOUT UPDATED CONTEXT: {"session_id":"74cf1a43-0be1-4d96-9432-f6f2f9dda85f","draft_order_id":22,"email":"foo@mail.com"}
2026-05-09T17:54:08+00:00 INFO DRAFT ORDER UPDATED CONTEXT: {"order_id":22,"session_id":"74cf1a43-0be1-4d96-9432-f6f2f9dda85f","email":"foo@mail.com"}
2026-05-09T17:54:48+00:00 INFO DRAFT ORDER UPDATED CONTEXT: {"order_id":23,"session_id":"c178ca4c-5fbf-4ec2-ae69-0167c22c1828","email":"somenumber@gmail.com"}
2026-05-09T17:56:08+00:00 INFO CHECKOUT UPDATED CONTEXT: {"session_id":"74cf1a43-0be1-4d96-9432-f6f2f9dda85f","draft_order_id":22,"email":"foo@mail.com"}
2026-05-09T17:56:08+00:00 INFO DRAFT ORDER UPDATED CONTEXT: {"order_id":22,"session_id":"74cf1a43-0be1-4d96-9432-f6f2f9dda85f","email":"foo@mail.com"}
2026-05-09T17:56:48+00:00 INFO DRAFT ORDER UPDATED CONTEXT: {"order_id":23,"session_id":"c178ca4c-5fbf-4ec2-ae69-0167c22c1828","email":"somenumber@gmail.com"}
2026-05-09T17:58:08+00:00 INFO CHECKOUT UPDATED CONTEXT: {"session_id":"74cf1a43-0be1-4d96-9432-f6f2f9dda85f","draft_order_id":22,"email":"foo@mail.com"}
2026-05-09T17:58:08+00:00 INFO DRAFT ORDER UPDATED CONTEXT: {"order_id":22,"session_id":"74cf1a43-0be1-4d96-9432-f6f2f9dda85f","email":"foo@mail.com"}
2026-05-09T17:58:48+00:00 INFO DRAFT ORDER UPDATED CONTEXT: {"order_id":23,"session_id":"c178ca4c-5fbf-4ec2-ae69-0167c22c1828","email":"somenumber@gmail.com"}
2026-05-09T18:00:08+00:00 INFO CHECKOUT UPDATED CONTEXT: {"session_id":"74cf1a43-0be1-4d96-9432-f6f2f9dda85f","draft_order_id":22,"email":"foo@mail.com"}
2026-05-09T18:00:08+00:00 INFO DRAFT ORDER UPDATED CONTEXT: {"order_id":22,"session_id":"74cf1a43-0be1-4d96-9432-f6f2f9dda85f","email":"foo@mail.com"}
2026-05-09T18:02:08+00:00 INFO CHECKOUT UPDATED CONTEXT: {"session_id":"74cf1a43-0be1-4d96-9432-f6f2f9dda85f","draft_order_id":22,"email":"foo@mail.com"}
2026-05-09T18:02:08+00:00 INFO DRAFT ORDER UPDATED CONTEXT: {"order_id":22,"session_id":"74cf1a43-0be1-4d96-9432-f6f2f9dda85f","email":"foo@mail.com"}
2026-05-09T18:04:08+00:00 INFO CHECKOUT UPDATED CONTEXT: {"session_id":"74cf1a43-0be1-4d96-9432-f6f2f9dda85f","draft_order_id":22,"email":"foo@mail.com"}
2026-05-09T18:04:08+00:00 INFO DRAFT ORDER UPDATED CONTEXT: {"order_id":22,"session_id":"74cf1a43-0be1-4d96-9432-f6f2f9dda85f","email":"foo@mail.com"}
2026-05-09T18:06:08+00:00 INFO CHECKOUT UPDATED CONTEXT: {"session_id":"74cf1a43-0be1-4d96-9432-f6f2f9dda85f","draft_order_id":22,"email":"foo@mail.com"}
2026-05-09T18:06:08+00:00 INFO DRAFT ORDER UPDATED CONTEXT: {"order_id":22,"session_id":"74cf1a43-0be1-4d96-9432-f6f2f9dda85f","email":"foo@mail.com"}
2026-05-09T18:08:08+00:00 INFO CHECKOUT UPDATED CONTEXT: {"session_id":"74cf1a43-0be1-4d96-9432-f6f2f9dda85f","draft_order_id":22,"email":"foo@mail.com"}
2026-05-09T18:08:08+00:00 INFO DRAFT ORDER UPDATED CONTEXT: {"order_id":22,"session_id":"74cf1a43-0be1-4d96-9432-f6f2f9dda85f","email":"foo@mail.com"}
2026-05-09T18:10:08+00:00 INFO CHECKOUT UPDATED CONTEXT: {"session_id":"74cf1a43-0be1-4d96-9432-f6f2f9dda85f","draft_order_id":22,"email":"foo@mail.com"}
2026-05-09T18:10:08+00:00 INFO DRAFT ORDER UPDATED CONTEXT: {"order_id":22,"session_id":"74cf1a43-0be1-4d96-9432-f6f2f9dda85f","email":"foo@mail.com"}
2026-05-09T18:12:08+00:00 INFO CHECKOUT UPDATED CONTEXT: {"session_id":"74cf1a43-0be1-4d96-9432-f6f2f9dda85f","draft_order_id":22,"email":"foo@mail.com"}
2026-05-09T18:12:08+00:00 INFO DRAFT ORDER UPDATED CONTEXT: {"order_id":22,"session_id":"74cf1a43-0be1-4d96-9432-f6f2f9dda85f","email":"foo@mail.com"}
2026-05-09T18:14:08+00:00 INFO CHECKOUT UPDATED CONTEXT: {"session_id":"74cf1a43-0be1-4d96-9432-f6f2f9dda85f","draft_order_id":22,"email":"foo@mail.com"}
2026-05-09T18:14:08+00:00 INFO DRAFT ORDER UPDATED CONTEXT: {"order_id":22,"session_id":"74cf1a43-0be1-4d96-9432-f6f2f9dda85f","email":"foo@mail.com"}
